
[module:{General}]
Program Name=0,1,SiSoft Sandra Professional
Program Version=0,1,99.7.5.16
Registered User=0,1,Internal Use
Registered Company=0,1,SiSoftware
Report Done By=0,1,AdrianS
System ID=0,1,1178
Run ID=0,1,4305
Report Done On=0,1,12 July 1999
Report Done At=0,1,21:41:55

[module:{Comments}]
This is a sample hierarchical (native) mode report.

[module:{System Summary}]
Computer System=1,0
Name=-1,0,SUPERDANTUM
User Name=17,0,AdrianS
Mainboard & Processor(s)=3,0
Processor(s)=2,0,Intel Pentium III 515MHz
Performance Rating=22,0,PR618  (estimated)
L2 On-board Cache=4,0,512kB ECC synchronous write-back
System Bus(es)=3,0,ISA(16-bit), PCI(32-bit), USB, AGP(32-bit)
System BIOS=4,0,Award Software, Inc. ASUS P2B ACPI BIOS Revision 1009
System Chipset=23,0,Intel 82443BX/ZX Chipset, CPU to PCI Bridge
System Memory=4,0
Installed Memory=-1,0,256MB  (56% true allocated load)
Video System=5,0
Monitor/Panel=5,0,IBM 9513 T55D TFT Monitor 
Adapter=18,0,Matrox Millennium G200 AGP - English
Drives & Storage Devices=9,0
GENERIC NEC  FLOPPY DISK=8,0,A: 1.44MB 3.5"
GENERIC IDE  DISK TYPE46=9,0,C: 4.9GB, D: 3.0GB (7.9GB)
IOMEGA ZIP 100         =8,0,E: (Removable)
MATSHITA DVD-ROM SR-8583 =10,0,F: (CD-ROM/DVD)
Peripherals=3,0
Serial/Parallel Port(s)=11,0,2 COM / 1 LPT
Keyboard=12,0,Standard 101/102-Key or Microsoft Natural Keyboard
Mouse=13,0,PS/2 Compatible Mouse Port
MultiMedia Device(s)=6,0
Device=-1,0,Creative SB Live! Value
Device=-1,0,Wave Device for Voice Modem
Communication Device(s)=7,0
Device=-1,0,U.S. Robotics 56K Voice EXT
Printer(s)=21,0
Printer=-1,0,Canon Bubble-Jet BJ-20
Printer=-1,0,HP LaserJet Series II
Operating System(s)=14,0
Windows System=14,0,Microsoft Windows 98 Ver 4.10 (4.10.1998     )
DOS Sub-System=15,0,Microsoft MS-DOS Ver 7.10 A
Network Adapter(s)=16,0
Networking Installed=-2,0,Yes
Adapter=-1,0,Dial-Up Adapter
Adapter=-1,0,Intel(R) PRO/100+ PCI Adapter

[module:{Mainboard Information}]
General System Information=1,0
Class=-1,0,IBM PC/AT
System Bus(es)=2,0,ISA(16-bit), PCI(32-bit), USB, AGP(32-bit)
Fast Windows System=-2,0,Yes
Entire System=1,0
Manufacturer=-1,0,System Manufacturer
Name=-1,0,System Name
Version=-1,0,System Version
Serial Number=-1,0,SYS-1234567890
System Chassis=12,0
Manufacturer=-1,0,Chassis Manufacture
Can be locked=-3,0,No
Version=-1,0,Chassis Version
Serial Number=-1,0,Chassis Serial Number
Asset Tag Number=-1,0,Asset-1234567890
System Mainboard=5,0
Manufacturer=-1,0,ASUSTeK Computer INC.
Type=-1,0,Single Processor
Model=-1,0,P2B
Version=-1,0,REV 1.xx
Serial Number=-1,0,MB-1234567890
Extended Mainboard Data=5,0
Model=-1,0,ASUS P2B ACPI BIOS Revision 1009
Serial Number=-1,0,05/10/99-i440BX-
Memory Controller=2,0
Error Detection Method=-1,0,64-bit ECC
Error Correction Capability=-1,0,1-bit
Supported Memory Interleave=-1,0,1 way
Current Memory Interleave=-1,0,1 way
Number of Memory Slots=-1,0,6
Maximum Installable Memory=3,0,1536MB
Maximum Module Size=3,0,256MB
Supported FPM/EDO Speeds=-1,0,70ns, 60ns, 50ns
Supported Memory Types=-1,0,EDO, Parity, DIMM
Supported Memory Voltages=-1,0,3.3V
Physical/BIOS Memory Banks=3,0
DIMM1-1  =-1,0,Empty
DIMM1-2  =-1,0,Empty
DIMM2-1   (RASLine-2 RASLine-3)=-1,0,64MB DIMM double-bank
DIMM2-2   (RASLine-2 RASLine-3)=-1,0,64MB DIMM double-bank
DIMM3-1   (RASLine-4 RASLine-5)=-1,0,64MB DIMM double-bank
DIMM3-2   (RASLine-4 RASLine-5)=-1,0,64MB DIMM double-bank
System Chipset=13,0
System Chipset=-1,0,Intel 82443BX/ZX Chipset, CPU to PCI Bridge
Front Side Bus Speed=4,0,103MHz
CPU Speed Multiplier=-1,0,5x
SMBus Support=-2,0,Yes
Logical/Chipset Memory Banks=3,0
Bank 2 Setting=-1,0,64MB ECC SDRAM 7-1-1-1R 5-1-1-1W
Banks 2 + 3 Memory Module=-1,0,Micron 18LSDT1672AG-133B4 120118D2 128MB 18x(8Mx8) ECC SDRAM CAS3 PC133U-333-542
Bank 3 Setting=-1,0,64MB ECC SDRAM 7-1-1-1R 5-1-1-1W
Bank 4 Setting=-1,0,64MB ECC SDRAM 7-1-1-1R 5-1-1-1W
Banks 4 + 5 Memory Module=-1,0,128MB 18x(8Mx8) ECC SDRAM CAS2 PC100-222-620
Bank 5 Setting=-1,0,64MB ECC SDRAM 7-1-1-1R 5-1-1-1W
Memory Bus Speed=4,0,103MHz
System Monitor Device=13,0
Name=-1,0,Winbond W83781D
Version=-1,0,1.01
I2C/SMBus Support=-2,0,Yes
Temperature Sensor(s)=10,0
Board Temperature=-1,0,32.0°C / 89.6°F
CPU Temperature=-1,0,41.5°C / 106.7°F
Power / Aux Temperature=-1,0,50.5°C / 122.9°F
Cooling Device(s)=11,0
Chassis Fan Speed=-1,0,3479rpm
CPU Fan Speed=-1,0,3750rpm
Power / Aux Fan Speed=-1,0,3169rpm
Voltage Sensor(s)=9,0
CPU Core Voltage=-1,0,1.98V
Aux Voltage=-1,0,1.97V
+3.3V Voltage=-1,0,3.49V
+5V Voltage=-1,0,5.03V
+12V Voltage=-1,0,12.10V
-12V Voltage=-1,0,-12.35V
-5V Voltage=-1,0,-5.03V
AGP Bus=2,0
Version=-1,0,1.00
Bus Speed=4,0,69MHz
Data Transfer Rate=-1,0,2x  (138MHz)
Side Band Enabled=-2,0,Yes
PCI Bus=2,0
Version=-1,0,2.10
Bus Speed=4,0,34MHz
Speed Multiplier=-1,0,1/3x
ISA Bus=2,0
PIIX Chip=-1,0,Intel 82371AB/EB PIIX4 PCI to ISA Bridge
Speed Multiplier=-1,0,1/4x
Bus Speed=4,0,9MHz
DMA Speed=4,0,5MHz
USB Bus=2,0
USB Chip=-1,0,Intel 82371AB/EB PIIX4 USB Controller
Version=-1,0,1.00
Bus Speed=4,0,48MHz
Expansion Slots=6,0
PCI Slot1 (Ch)=-1,0,PCI 32-bit 5V FullLength Available
PCI Slot2 (Bh)=-1,0,PCI 32-bit 5V FullLength Available
PCI Slot3 (Ah)=-1,0,PCI 32-bit 5V FullLength InUse (Intel 82557/8 10/100MBps EthernetPro Adapter)
PCI Slot4 (9h)=-1,0,PCI 32-bit 5V FullLength InUse (Creative Labs SoundBlaster Live!)
ISA Slot1=-1,0,ISA 16-bit 5V Shared FullLength
ISA Slot2=-1,0,ISA 16-bit 5V FullLength
ISA Slot3=-1,0,ISA 16-bit 5V FullLength
Port Connectors=7,0
COM1 - COM A=-1,0,Serial Port 16550A Compatible - 9 Pin Dual Inline / DB-9 pin male
COM2 - COM B=-1,0,Serial Port 16550A Compatible - 9 Pin Dual Inline / DB25 pin male
PRINTER - LPT=-1,0,Parallel Port ECP/EPP - 25 Pin Dual Inline / DB25 pin female
KEY - KEYBOARD=-1,0,Keyboard Port - None / Micro-DIN
PS2MOUSE - PS/2 Mouse=-1,0,Mouse Port - Proprietary / Micro-DIN
PRIMARY IDE - IDE-1=-1,0,(E)IDE
SECONDARY IDE - IDE-2=-1,0,(E)IDE
FLOPPY - FLOPPY=-1,0,Floppy
Performance Tips=-4,0
Tip T2511=-7,0,Some memory slots are free so the memory can be easily upgraded.

[module:{PCI & AGP Buses Information}]
Buses Information=1

[device:{Buses Information}class:{}module:{PCI & AGP Buses Information}]
PCI & AGP Buses=2,0
Interface Version=-1,0,2.10
No. Buses=-1,0,2
Config space access mechanism 1 support=-2,0,Yes
Config space access mechanism 2 support=-3,0,No
Cycle generation mechanism 1 support=-2,0,Yes
Cycle generation mechanism 2 support=-3,0,No
Intel 82443BX/ZX Chipset, CPU to PCI Bridge=1

[device:{Intel 82443BX/ZX Chipset, CPU to PCI Bridge}class:{}module:{PCI & AGP Buses Information}]
Device Information=2,0
Device Type=-1,0,Host Processor Bridge
Device ID=-1,0,Device 0h on bus 1 F0
Windows Device Name=-1,0,Intel 82443BX Pentium(r) II Processor to PCI bridge (with GART support)
OEM Device Name=-1,0,Intel 82443BX/ZX Chipset, CPU to PCI Bridge
OEM Hardware ID=-1,0,FUN_0, VEN_8086, DEV_7190
Revision No.=-1,0,2
AGP Capabilities=11,0
Version=-1,0,1.00
Command Queue Length=-1,0,32
Side Band Addressing Support=-2,0,Yes
Data Transfer Modes Support=-1,0,1x, 2x
Device Properties=1,0
Latency Timer=-1,0,64 clocks
I/O Access=-3,0,No
Memory Access=-2,0,Yes
Bus Master Capable=-2,0,Yes
Special Cycle Recognition=-3,0,No
Memory Write & Invalidate=-3,0,No
VGA Palette Snoop=-3,0,No
Parity Error Response=-3,0,No
Address/Data Stepping=-3,0,No
System Error Line=-2,0,Yes
Fast back-to-back Transactions=-3,0,No
Detects Parity Errors=-3,0,No
Supports System Error Line=-3,0,No
Supports Parity Line=-3,0,No
User Defined Format=-3,0,No
PCI66 Bus Support=-3,0,No
New Capability List=-2,0,Yes
Device Select Timing=1,0,Medium
Intel 82443BX/ZX Chipset, CPU to AGP Bridge=1

[device:{Intel 82443BX/ZX Chipset, CPU to AGP Bridge}class:{}module:{PCI & AGP Buses Information}]
Device Information=2,0
Device Type=-1,0,PCI to PCI Bridge
Device ID=-1,0,Device 1h on bus 1 F0
Windows Device Name=-1,0,Intel 82443BX Pentium(r) II Processor to AGP controller
OEM Device Name=-1,0,Intel 82443BX/ZX Chipset, CPU to AGP Bridge
OEM Hardware ID=-1,0,FUN_0, VEN_8086, DEV_7191
Revision No.=-1,0,2
Device Properties=1,0
Latency Timer=-1,0,64 clocks
I/O Access=-2,0,Yes
Memory Access=-2,0,Yes
Bus Master Capable=-2,0,Yes
Special Cycle Recognition=-3,0,No
Memory Write & Invalidate=-2,0,Yes
VGA Palette Snoop=-3,0,No
Parity Error Response=-3,0,No
Address/Data Stepping=-3,0,No
System Error Line=-2,0,Yes
Fast back-to-back Transactions=-3,0,No
Detects Parity Errors=-3,0,No
Supports System Error Line=-3,0,No
Supports Parity Line=-3,0,No
User Defined Format=-3,0,No
PCI66 Bus Support=-2,0,Yes
New Capability List=-3,0,No
Device Select Timing=1,0,Medium
Intel 82371AB/EB PIIX4 PCI to ISA Bridge=1

[device:{Intel 82371AB/EB PIIX4 PCI to ISA Bridge}class:{}module:{PCI & AGP Buses Information}]
Device Information=2,0
Device Type=-1,0,PCI to ISA Bridge
Device ID=-1,0,Device 4h on bus 1 F0
Windows Device Name=-1,0,Intel 82371EB PCI to ISA bridge (ISA mode)
OEM Device Name=-1,0,Intel 82371AB/EB PIIX4 PCI to ISA Bridge
OEM Hardware ID=-1,0,FUN_0, VEN_8086, DEV_7110
Revision No.=-1,0,2
Device Properties=1,0
I/O Access=-2,0,Yes
Memory Access=-2,0,Yes
Bus Master Capable=-2,0,Yes
Special Cycle Recognition=-2,0,Yes
Memory Write & Invalidate=-3,0,No
VGA Palette Snoop=-3,0,No
Parity Error Response=-3,0,No
Address/Data Stepping=-3,0,No
System Error Line=-3,0,No
Fast back-to-back Transactions=-3,0,No
Detects Parity Errors=-3,0,No
Supports System Error Line=-3,0,No
Supports Parity Line=-3,0,No
User Defined Format=-3,0,No
PCI66 Bus Support=-3,0,No
New Capability List=-3,0,No
Device Select Timing=1,0,Medium
Intel 82371AB/EB PIIX4 Dual EIDE Controller=2

[device:{Intel 82371AB/EB PIIX4 Dual EIDE Controller}class:{}module:{PCI & AGP Buses Information}]
Device Information=3,0
Device Type=-1,0,EIDE Mass Storage Controller
Device ID=-1,0,Device 4h on bus 1 F1
Windows Device Name=-1,0,Intel 82371AB/EB PCI Bus Master IDE Controller
OEM Device Name=-1,0,Intel 82371AB/EB PIIX4 Dual EIDE Controller
OEM Hardware ID=-1,0,FUN_1, VEN_8086, DEV_7111
Revision No.=-1,0,1
Device Properties=1,0
Latency Timer=-1,0,48 clocks
I/O Access=-2,0,Yes
Memory Access=-3,0,No
Bus Master Capable=-2,0,Yes
Special Cycle Recognition=-3,0,No
Memory Write & Invalidate=-3,0,No
VGA Palette Snoop=-3,0,No
Parity Error Response=-3,0,No
Address/Data Stepping=-3,0,No
System Error Line=-3,0,No
Fast back-to-back Transactions=-3,0,No
Detects Parity Errors=-3,0,No
Supports System Error Line=-3,0,No
Supports Parity Line=-3,0,No
User Defined Format=-3,0,No
PCI66 Bus Support=-3,0,No
New Capability List=-3,0,No
Device Select Timing=1,0,Medium
Intel 82371AB/EB PIIX4 USB Controller=7

[device:{Intel 82371AB/EB PIIX4 USB Controller}class:{}module:{PCI & AGP Buses Information}]
Device Information=8,0
Device Type=-1,0,Universal Serial Bus Controller
Device ID=-1,0,Device 4h on bus 1 F2
Windows Device Name=-1,0,Intel 82371AB/EB PCI to USB Universal Host Controller
OEM Device Name=-1,0,Intel 82371AB/EB PIIX4 USB Controller
OEM Hardware ID=-1,0,FUN_2, VEN_8086, DEV_7112
Revision No.=-1,0,1
Device Properties=1,0
Latency Timer=-1,0,48 clocks
I/O Access=-2,0,Yes
Memory Access=-3,0,No
Bus Master Capable=-2,0,Yes
Special Cycle Recognition=-3,0,No
Memory Write & Invalidate=-3,0,No
VGA Palette Snoop=-3,0,No
Parity Error Response=-3,0,No
Address/Data Stepping=-3,0,No
System Error Line=-3,0,No
Fast back-to-back Transactions=-3,0,No
Detects Parity Errors=-3,0,No
Supports System Error Line=-3,0,No
Supports Parity Line=-3,0,No
User Defined Format=-3,0,No
PCI66 Bus Support=-3,0,No
New Capability List=-3,0,No
Device Select Timing=1,0,Medium
Interrupt Line=4,0,IRQ5
Interrupt Pin=4,0,INTD#
Intel 82371AB/EB Power Management Controller=1

[device:{Intel 82371AB/EB Power Management Controller}class:{}module:{PCI & AGP Buses Information}]
Device Information=2,0
Device Type=-1,0,Other Bridge
Device ID=-1,0,Device 4h on bus 1 F3
Windows Device Name=-1,0,Intel 82371EB Power Management Controller
OEM Device Name=-1,0,Intel 82371AB/EB Power Management Controller
OEM Hardware ID=-1,0,FUN_3, VEN_8086, DEV_7113
Revision No.=-1,0,2
Device Properties=1,0
I/O Access=-2,0,Yes
Memory Access=-2,0,Yes
Bus Master Capable=-3,0,No
Special Cycle Recognition=-3,0,No
Memory Write & Invalidate=-3,0,No
VGA Palette Snoop=-3,0,No
Parity Error Response=-3,0,No
Address/Data Stepping=-3,0,No
System Error Line=-3,0,No
Fast back-to-back Transactions=-3,0,No
Detects Parity Errors=-3,0,No
Supports System Error Line=-3,0,No
Supports Parity Line=-3,0,No
User Defined Format=-3,0,No
PCI66 Bus Support=-3,0,No
New Capability List=-3,0,No
Device Select Timing=1,0,Medium
Performance Tips=-4,0
Tip T1202=-7,0,Device does not support bus mastering.
Creative Labs SoundBlaster Live!=5

[device:{Creative Labs SoundBlaster Live!}class:{}module:{PCI & AGP Buses Information}]
Device Information=6,0
Device Type=-1,0,Audio Multimedia Device
Device ID=-1,0,Device 9h on bus 1 F0
Windows Device Name=-1,0,Creative SB Live! Value
OEM Device Name=-1,0,Creative Labs SoundBlaster Live!
OEM Hardware ID=-1,0,FUN_0, VEN_1102, DEV_0002
Product Device Name=-1,0,Creative Labs Unknown
Product Hardware ID=-1,0,VEN_1102, DEV_0020
Revision No.=-1,0,4
Power Management Capabilities=12,0
Version=-1,0,1.00
Supports D1 PM State=-3,0,No
Supports D2 PM State=-3,0,No
Supports PME#=-3,0,No
Supports PME Clock=-3,0,No
Device Properties=1,0
Latency Timer=-1,0,48 clocks
I/O Access=-2,0,Yes
Memory Access=-3,0,No
Bus Master Capable=-2,0,Yes
Special Cycle Recognition=-3,0,No
Memory Write & Invalidate=-3,0,No
VGA Palette Snoop=-3,0,No
Parity Error Response=-3,0,No
Address/Data Stepping=-3,0,No
System Error Line=-3,0,No
Fast back-to-back Transactions=-3,0,No
Detects Parity Errors=-3,0,No
Supports System Error Line=-3,0,No
Supports Parity Line=-3,0,No
User Defined Format=-3,0,No
PCI66 Bus Support=-3,0,No
New Capability List=-2,0,Yes
Device Select Timing=1,0,Medium
Interrupt Line=4,0,IRQ5
Interrupt Pin=4,0,INTA#
Creative Labs SoundBlaster Live!, Multi-Media Interface=8

[device:{Creative Labs SoundBlaster Live!, Multi-Media Interface}class:{}module:{PCI & AGP Buses Information}]
Device Information=9,0
Device Type=-1,0,Other Input Device
Device ID=-1,0,Device 9h on bus 1 F1
Windows Device Name=-1,0,Creative MultiMedia Interface
OEM Device Name=-1,0,Creative Labs SoundBlaster Live!, Multi-Media Interface
OEM Hardware ID=-1,0,FUN_1, VEN_1102, DEV_7002
Product Device Name=-1,0,Creative Labs Unknown
Product Hardware ID=-1,0,VEN_1102, DEV_0020
Revision No.=-1,0,1
Power Management Capabilities=12,0
Version=-1,0,1.00
Supports D1 PM State=-3,0,No
Supports D2 PM State=-3,0,No
Supports PME#=-3,0,No
Supports PME Clock=-3,0,No
Device Properties=1,0
Latency Timer=-1,0,48 clocks
I/O Access=-2,0,Yes
Memory Access=-3,0,No
Bus Master Capable=-2,0,Yes
Special Cycle Recognition=-3,0,No
Memory Write & Invalidate=-3,0,No
VGA Palette Snoop=-3,0,No
Parity Error Response=-3,0,No
Address/Data Stepping=-3,0,No
System Error Line=-3,0,No
Fast back-to-back Transactions=-3,0,No
Detects Parity Errors=-3,0,No
Supports System Error Line=-3,0,No
Supports Parity Line=-3,0,No
User Defined Format=-3,0,No
PCI66 Bus Support=-3,0,No
New Capability List=-2,0,Yes
Device Select Timing=1,0,Medium
Intel 82557/8 10/100MBps EthernetPro Adapter=3

[device:{Intel 82557/8 10/100MBps EthernetPro Adapter}class:{}module:{PCI & AGP Buses Information}]
Device Information=4,0
Device Type=-1,0,Ethernet Network Adapter
Device ID=-1,0,Device Ah on bus 1 F0
Windows Device Name=-1,0,Intel(R) PRO/100+ PCI Adapter
OEM Device Name=-1,0,Intel 82557/8 10/100MBps EthernetPro Adapter
OEM Hardware ID=-1,0,FUN_0, VEN_8086, DEV_1229
Product Device Name=-1,0,Intel Unknown
Product Hardware ID=-1,0,VEN_8086, DEV_0009
Revision No.=-1,0,5
Power Management Capabilities=12,0
Version=-1,0,1.00
Supports D1 PM State=-2,0,Yes
Supports D2 PM State=-2,0,Yes
Supports PME#=-2,0,Yes
Supports PME Clock=-3,0,No
Device Properties=1,0
Line Cache Size=7,0,8 bytes
Latency Timer=-1,0,48 clocks
I/O Access=-2,0,Yes
Memory Access=-2,0,Yes
Bus Master Capable=-2,0,Yes
Special Cycle Recognition=-3,0,No
Memory Write & Invalidate=-2,0,Yes
VGA Palette Snoop=-3,0,No
Parity Error Response=-3,0,No
Address/Data Stepping=-3,0,No
System Error Line=-3,0,No
Fast back-to-back Transactions=-3,0,No
Detects Parity Errors=-3,0,No
Supports System Error Line=-3,0,No
Supports Parity Line=-3,0,No
User Defined Format=-3,0,No
PCI66 Bus Support=-3,0,No
New Capability List=-2,0,Yes
Device Select Timing=1,0,Medium
Interrupt Line=4,0,IRQ10
Interrupt Pin=4,0,INTA#
Matrox MGA-G200 AGP GUI+3D Accelerator=4

[device:{Matrox MGA-G200 AGP GUI+3D Accelerator}class:{}module:{PCI & AGP Buses Information}]
Device Information=5,0
Device Type=-1,0,VGA Display Adapter
Device ID=-1,0,Device 0h on bus 2 F0
OEM Device Name=-1,0,Matrox MGA-G200 AGP GUI+3D Accelerator
OEM Hardware ID=-1,0,FUN_0, VEN_102B, DEV_0521
Product Device Name=-1,0,Matrox Unknown
Product Hardware ID=-1,0,VEN_1014, DEV_FF03
Revision No.=-1,0,1
Power Management Capabilities=12,0
Version=-1,0,1.00
Supports D1 PM State=-3,0,No
Supports D2 PM State=-3,0,No
Supports PME#=-3,0,No
Supports PME Clock=-3,0,No
AGP Capabilities=11,0
Version=-1,0,1.00
Command Queue Length=-1,0,32
Side Band Addressing Support=-2,0,Yes
Data Transfer Modes Support=-1,0,1x, 2x
Device Properties=1,0
Line Cache Size=7,0,8 bytes
Latency Timer=-1,0,64 clocks
I/O Access=-2,0,Yes
Memory Access=-2,0,Yes
Bus Master Capable=-2,0,Yes
Special Cycle Recognition=-3,0,No
Memory Write & Invalidate=-3,0,No
VGA Palette Snoop=-3,0,No
Parity Error Response=-3,0,No
Address/Data Stepping=-3,0,No
System Error Line=-3,0,No
Fast back-to-back Transactions=-3,0,No
Detects Parity Errors=-3,0,No
Supports System Error Line=-3,0,No
Supports Parity Line=-3,0,No
User Defined Format=-3,0,No
PCI66 Bus Support=-3,0,No
New Capability List=-2,0,Yes
Device Select Timing=1,0,Medium
Interrupt Line=4,0,IRQ11
Interrupt Pin=4,0,INTA#

[module:{Sound Card Information}]
Wave Input Devices (Recording)=0
Wave Output Devices (Playback)=0
MIDI Input Devices (Control)=1
MIDI Output Devices (Playback)=1
Mixer Devices (Mixing)=2

[class:{Wave Input Devices (Recording)}module:{Sound Card Information}]
SB Live! Wave In [D000]=0
Game Compatible Device=0
Voice Modem Wave #00 Line=0
Microsoft Sound Mapper=0

[device:{SB Live! Wave In [D000]}class:{Wave Input Devices (Recording)}module:{Sound Card Information}]
General Device Information=1,0
Device Name=-1,0,SB Live! Wave In [D000]
Manufacturer=-1,0,Creative Labs
Version=-1,0,4.00
Product ID=-1,0,4 / 2
Specific Wave Information=1,0
Maximum Sampling Bits=-1,0,16-bit
Maximum Sampling Rate=-1,0,44.1kHz
Channels=-1,0,Stereo

[device:{Game Compatible Device}class:{Wave Input Devices (Recording)}module:{Sound Card Information}]
General Device Information=1,0
Device Name=-1,0,Game Compatible Device
Manufacturer=-1,0,Microsoft
Version=-1,0,4.00
Product ID=-1,0,90 / 1
Specific Wave Information=1,0
Maximum Sampling Bits=-1,0,8-bit
Maximum Sampling Rate=-1,0,11.025kHz
Channels=-1,0,Mono

[device:{Voice Modem Wave #00 Line}class:{Wave Input Devices (Recording)}module:{Sound Card Information}]
General Device Information=1,0
Device Name=-1,0,Voice Modem Wave #00 Line
Manufacturer=-1,0,Microsoft
Version=-1,0,4.00
Product ID=-1,0,80 / 1
Specific Wave Information=1,0
Maximum Sampling Bits=-1,0,8-bit
Maximum Sampling Rate=-1,0,11.025kHz
Channels=-1,0,Mono

[device:{Microsoft Sound Mapper}class:{Wave Input Devices (Recording)}module:{Sound Card Information}]
General Device Information=1,0
Device Name=-1,0,Microsoft Sound Mapper
Manufacturer=-1,0,Microsoft
Version=-1,0,4.03
Product ID=-1,0,2 / 1
Specific Wave Information=1,0
Maximum Sampling Bits=-1,0,16-bit
Maximum Sampling Rate=-1,0,44.1kHz
Channels=-1,0,Stereo

[class:{Wave Output Devices (Playback)}module:{Sound Card Information}]
SB Live! Wave Out [D000]=0
Game Compatible Device=0
Voice Modem Wave #00 Line=0
Microsoft Sound Mapper=0

[device:{SB Live! Wave Out [D000]}class:{Wave Output Devices (Playback)}module:{Sound Card Information}]
General Device Information=1,0
Device Name=-1,0,SB Live! Wave Out [D000]
Manufacturer=-1,0,Creative Labs
Version=-1,0,4.00
Product ID=-1,0,104 / 2
Specific Wave Information=1,0
Maximum Sampling Bits=-1,0,16-bit
Maximum Sampling Rate=-1,0,44.1kHz
Channels=-1,0,Stereo
Device Capabilities=4,0
Pitch Control=-3,0,No
Playback Rate Control=-3,0,No
Synchronous Operation=-3,0,No
Sample Accurate Position Information=-2,0,Yes
DirectSound Certified=-3,0,No
Volume Control=-2,0,Yes
Balance Control=-2,0,Yes

[device:{Game Compatible Device}class:{Wave Output Devices (Playback)}module:{Sound Card Information}]
General Device Information=1,0
Device Name=-1,0,Game Compatible Device
Manufacturer=-1,0,Microsoft
Version=-1,0,4.00
Product ID=-1,0,89 / 1
Specific Wave Information=1,0
Maximum Sampling Bits=-1,0,8-bit
Maximum Sampling Rate=-1,0,11.025kHz
Channels=-1,0,Mono
Device Capabilities=4,0
Pitch Control=-3,0,No
Playback Rate Control=-3,0,No
Synchronous Operation=-3,0,No
Sample Accurate Position Information=-3,0,No
DirectSound Certified=-3,0,No
Volume Control=-3,0,No

[device:{Voice Modem Wave #00 Line}class:{Wave Output Devices (Playback)}module:{Sound Card Information}]
General Device Information=1,0
Device Name=-1,0,Voice Modem Wave #00 Line
Manufacturer=-1,0,Microsoft
Version=-1,0,4.00
Product ID=-1,0,81 / 1
Specific Wave Information=1,0
Maximum Sampling Bits=-1,0,8-bit
Maximum Sampling Rate=-1,0,11.025kHz
Channels=-1,0,Mono
Device Capabilities=4,0
Pitch Control=-3,0,No
Playback Rate Control=-3,0,No
Synchronous Operation=-3,0,No
Sample Accurate Position Information=-3,0,No
DirectSound Certified=-3,0,No
Volume Control=-3,0,No

[device:{Microsoft Sound Mapper}class:{Wave Output Devices (Playback)}module:{Sound Card Information}]
General Device Information=1,0
Device Name=-1,0,Microsoft Sound Mapper
Manufacturer=-1,0,Microsoft
Version=-1,0,4.03
Product ID=-1,0,2 / 1
Specific Wave Information=1,0
Maximum Sampling Bits=-1,0,16-bit
Maximum Sampling Rate=-1,0,44.1kHz
Channels=-1,0,Stereo
Device Capabilities=4,0
Pitch Control=-3,0,No
Playback Rate Control=-3,0,No
Synchronous Operation=-3,0,No
Sample Accurate Position Information=-2,0,Yes
DirectSound Certified=-3,0,No
Volume Control=-2,0,Yes
Balance Control=-2,0,Yes

[class:{MIDI Input Devices (Control)}module:{Sound Card Information}]
SB Live! MIDI In [D000]=1

[device:{SB Live! MIDI In [D000]}class:{MIDI Input Devices (Control)}module:{Sound Card Information}]
General Device Information=2,0
Device Name=-1,0,SB Live! MIDI In [D000]
Manufacturer=-1,0,Creative Labs
Version=-1,0,4.00
Product ID=-1,0,202 / 2

[class:{MIDI Output Devices (Playback)}module:{Sound Card Information}]
Creative S/W Synth=1
A: SB Live! MIDI Synth=1
B: SB Live! MIDI Synth=1
SB Live! MIDI Out [D000]=1
MIDI Mapper=1

[device:{Creative S/W Synth}class:{MIDI Output Devices (Playback)}module:{Sound Card Information}]
General Device Information=2,0
Device Name=-1,0,Creative S/W Synth
Manufacturer=-1,0,Creative Labs
Version=-1,0,1.00
Product ID=-1,0,310 / 2
Specific Synthesizer Information=2,0
MIDI Device Type=-1,0,Special Synthesizer
Synthesizer Voices=-1,0,1024
Synthesizer Notes=-1,0,1024
Channels Supported=-1,0,16
Channels Supported Mask=-1,0,FFFFh
Device Capabilities=4,0
Patch Caching=-3,0,No
Stream Support=-3,0,No
Volume Control=-3,0,No
Performance Tips=-4,0
Warning W710=-5,0,Driver may be obsolete. Check that it is the latest version.

[device:{A: SB Live! MIDI Synth}class:{MIDI Output Devices (Playback)}module:{Sound Card Information}]
General Device Information=2,0
Device Name=-1,0,A: SB Live! MIDI Synth
Manufacturer=-1,0,Creative Labs
Version=-1,0,4.00
Product ID=-1,0,306 / 2
Specific Synthesizer Information=2,0
MIDI Device Type=-1,0,Special Synthesizer
Synthesizer Voices=-1,0,64
Synthesizer Notes=-1,0,64
Channels Supported=-1,0,16
Channels Supported Mask=-1,0,FFFFh
Device Capabilities=4,0
Patch Caching=-3,0,No
Stream Support=-3,0,No
Volume Control=-2,0,Yes
Balance Control=-2,0,Yes

[device:{B: SB Live! MIDI Synth}class:{MIDI Output Devices (Playback)}module:{Sound Card Information}]
General Device Information=2,0
Device Name=-1,0,B: SB Live! MIDI Synth
Manufacturer=-1,0,Creative Labs
Version=-1,0,4.00
Product ID=-1,0,306 / 2
Specific Synthesizer Information=2,0
MIDI Device Type=-1,0,Special Synthesizer
Synthesizer Voices=-1,0,64
Synthesizer Notes=-1,0,64
Channels Supported=-1,0,16
Channels Supported Mask=-1,0,FFFFh
Device Capabilities=4,0
Patch Caching=-3,0,No
Stream Support=-3,0,No
Volume Control=-2,0,Yes
Balance Control=-2,0,Yes

[device:{SB Live! MIDI Out [D000]}class:{MIDI Output Devices (Playback)}module:{Sound Card Information}]
General Device Information=2,0
Device Name=-1,0,SB Live! MIDI Out [D000]
Manufacturer=-1,0,Creative Labs
Version=-1,0,4.00
Product ID=-1,0,201 / 2
Specific Synthesizer Information=2,0
MIDI Device Type=-1,0,MIDI Port
Channels Supported=-1,0,16
Channels Supported Mask=-1,0,FFFFh
Device Capabilities=4,0
Patch Caching=-3,0,No
Stream Support=-3,0,No
Volume Control=-3,0,No

[device:{MIDI Mapper}class:{MIDI Output Devices (Playback)}module:{Sound Card Information}]
General Device Information=2,0
Device Name=-1,0,MIDI Mapper
Manufacturer=-1,0,Microsoft
Version=-1,0,4.00
Product ID=-1,0,1 / 1
Specific Synthesizer Information=2,0
MIDI Device Type=-1,0,MIDI Mapper
Channels Supported=-1,0,16
Channels Supported Mask=-1,0,FFFFh
Device Capabilities=4,0
Patch Caching=-3,0,No
Stream Support=-2,0,Yes
Volume Control=-2,0,Yes
Balance Control=-2,0,Yes

[class:{Mixer Devices (Mixing)}module:{Sound Card Information}]
SB Live! Mixer [D000]=2

[device:{SB Live! Mixer [D000]}class:{Mixer Devices (Mixing)}module:{Sound Card Information}]
General Device Information=3,0
Device Name=-1,0,SB Live! Mixer [D000]
Manufacturer=-1,0,Creative Labs
Version=-1,0,4.00
Product ID=-1,0,409 / 2
Play Control Line=3,0
Component Type=-1,0,Speakers  (Destination)
Channels=-1,0,Stereo
Line is Active=-2,0,Yes
Line is Disconnected=-3,0,No
Source Line=-3,0,No
Record Control Line=3,0
Component Type=-1,0,Wave Input  (Destination)
Channels=-1,0,Mono
Line is Active=-2,0,Yes
Line is Disconnected=-3,0,No
Source Line=-3,0,No

[module:{Hardware IRQ Settings}]
0=1,1,System timer
1=10,1,Standard 101/102-Key or Microsoft Natural Keyboard
2=1,1,Programmable interrupt controller
3=21,1,Communications Port (COM2)
4=21,1,Communications Port (COM1)
5=11,1,Creative SB Live! Value
5=27,1,Intel 82371AB/EB PCI to USB Universal Host Controller
5=1,1,IRQ Holder for PCI Steering
6=6,1,Standard Floppy Disk Controller
7=21,1,ECP Printer Port (LPT1)
8=1,1,System CMOS/real time clock
10=16,1,Intel(R) PRO/100+ PCI Adapter
10=1,1,IRQ Holder for PCI Steering
11=1,1,IRQ Holder for PCI Steering
11=5,1,Matrox Millennium G200 AGP - English
12=14,1,PS/2 Compatible Mouse Port
13=1,1,Numeric data processor
14=8,1,Intel 82371AB/EB PCI Bus Master IDE Controller
14=8,1,Primary IDE controller (dual fifo)
15=8,1,Intel 82371AB/EB PCI Bus Master IDE Controller
15=8,1,Secondary IDE controller (dual fifo)
